12:23:32 PM - No bundle was processed.
12:23:32 PM - "Error: CssSyntaxError: <css input>:2:10: Unknown word\n\n \u001b[90m 1 | \u001b[39m\u001b[33m.color\u001b[39m\\:\\}rgbba\u001b[33m{\u001b[39m\n\u001b[1m\u001b[31m>\u001b[39m\u001b[22m\u001b[90m 2 | \u001b[39m\tcolor\u001b[33m:\u001b[39m \u001b[33m}\u001b[39mrgbba\n \u001b[90m   | \u001b[39m\t        \u001b[1m\u001b[31m^\u001b[39m\u001b[22m\n \u001b[90m 3 | \u001b[39m\u001b[33m}\u001b[39m\n\n    at bundleRunner (/usr/share/nginx/html/packages/bundler/src/Bundler.ts:843:11)\n    at execBundleRunner (/usr/share/nginx/html/packages/bundler/src/Bundler.ts:911:5)\n    at async Promise.all (index 0)\n    at Bundler.bundle (/usr/share/nginx/html/packages/bundler/src/Bundler.ts:447:4)"
