<!DOCTYPE html>
<html lang="en">
<head>
	<meta charset="UTF-8">
	<meta name="viewport" content="width=device-width, initial-scale=1.0">
	<link href='https://fonts.googleapis.com/css?family=Montserrat' rel='stylesheet'>
	<title>Stylify!</title>
	<style>
		[s-cloak] {
			visibility: hidden;
			content-visibility: hidden;
		}
		*{
			margin: 0;
			padding: 0;
			box-sizing: border-box;
			font-family: "Montserrat";
		}
		[img] {
			width:100%;
			height:320px;
			background-color: grey;
		}
	</style>
</head>
<body>
	<header class="s0 s1 s2 s3 s4 s5 s6 s7 s8 s9">
		<div class="s10 s11 s12 s0 s13 s14"><div class="s15 s16">Yve</div></div>
		<div class="s17 s18">
			<ul class="s19 s0 s1 s20">
				<li class="s21">Home</li>
				<li class="s21 s22">Portfolio</li>
				<li class="s21 s22">Info</li>
				<li class="s21 s22">Blog</li>
			</ul>
		</div>
	</header>
	<main class="s23 s4 s5 s7 s8 s9">
		<article class="s24">
			<h1 class="s25 s26 s27 s28">Lorem ipsum dolor sit amet pa consectetur adipisicing elit</h1>
			<p class="s29 s30">Lorem ipsum, dolor sit amet consectetur adipisicing elit. Ipsa accusamus, natus voluptatum quia eaque placeat nostrum, saepe quaerat explicabo non incidunt dolorum dolorem sequi accusantium, consequuntur nisi! Harum, id possimus!</p>
		</article>
		<div style="gap:15px;" class="s31 s32 s33 s34 s35 s36 s37">
			<div class="s38 s39 s40" img></div>
			<div class="s38 s39 s40" img></div>
			<div class="s38 s39 s40" img></div>
			<div class="s38 s39 s40" img></div>
			<div class="s38 s39 s40" img></div>
			<div class="s38 s39 s40" img></div>
		</div>
	</main>
	<footer class="s12 s41">
		<div class="s5 s35 s42 s37 s7 s8 s9 s43 s44">
			<div class="s0 s13 s14 s45">
				<div class="s10 s11 s46 s47 s0 s13 s14"><div class="s27 s16">Yve</div></div>
				<p class="s48 s49 s50 s51">Â© 2017 KLLR All Rights Reserved</p>
			</div>
			<div class="s0 s13 s14 s45 s33">
				<h2 class="s15 s49 s52">Contact</h2>
				<ul class="s19 s0 s45 s14 s13 s48 s51">
					<li>your@example.com</li>
					<li>123 456 789</li>
					<li>777 Fifth Ave</li>
					<li>New York, NY 10153</li>
				</ul>
			</div>
			<div class="s0 s13 s14 s45 s33">
				<h2 class="s15 s49 s52">Menu</h2>
				<ul class="s19 s0 s45 s14 s13 s48 s51">
					<li>Home</li>
					<li>Portfolio</li>
					<li>Info</li>
					<li>Blog</li>
				</ul>
			</div>
			<div class="s0 s13 s14 s45 s33">
				<h2 class="s15 s49 s52">Social</h2>
				<ul class="s19 s0 s45 s14 s13 s48 s51">
					<li>Facebook</li>
					<li>Twitter</li>
					<li>Instagram</li>
					<li>Dribbble</li>
				</ul>
			</div>
		</div>
	</footer>

	<script src="./dist/stylify.native.js"></script>
 	<script src="./dist/profiler.js"></script>
</body>
</html>
