<!DOCTYPE html>
<html lang="en">
<head>
	<meta charset="UTF-8">
	<meta name="viewport" content="width=device-width, initial-scale=1.0">
	<title>Document</title>
</head>
<body class="s0 s14">
	<div class="
		s2
		s3
		s15
		s5
		s6
		s16"
	>
		About page
	</div>
</body>
</html>
