<!-- stylify-pregenerate: font-size:123px line-height:123px color:#fff color:#888  -->
<!-- stylify-pregenerate: font-size:456px line-height:456px color:yellow  -->

<!DOCTYPE html>
<html lang="en">
<head>
	<meta charset="UTF-8">
	<meta name="viewport" content="width=device-width, initial-scale=1.0">
	<title>Document</title>
</head>
<body class="s0 s1">
	<div class="
		s2
		s3
		s4
		s5
		s6
		s7"
	>
		Index Page
	</div>
</body>
</html>
