<!--
	stylify-files
		second/nette.latte
		second/symfony.twig
		second/vue.vue
		/second/html.html
	/stylify-files

	stylify-pregenerate content:^second^ /stylify-pregenerate
-->

<div class="f"></div>

<code>
<!--
stylify-files
	ignored.md
/stylify-files
-->
</code>
