<!-- stylify-pregenerate font-size:123px line-height:123px color:#fff color:#888 /stylify-pregenerate -->
<!--
stylify-screens
	'testScreen': '(min-width: 123px)',
	'dynamic\\w+': ({ match }) => `(max-width: ${match.getCapture(0).replace('dynamic', '')})`
/stylify-screens

stylify-pregenerate font-size:456px line-height:456px color:yellow /stylify-pregenerate
-->

<!DOCTYPE html>
<html lang="en">
<head>
	<meta charset="UTF-8">
	<meta name="viewport" content="width=device-width, initial-scale=1.0">
	<title>Document</title>
</head>
<body class="j k">
	<div class="
		l
		m
		n
		o
		p
		e
		a
		b
	">
		Index Page
	</div>
</body>
</html>
