<!-- File content changed during build. -->
<div class="_9kvng"></div>
