<!--
stylify-components
	link: 'color:blue'
/stylify-components
-->
<div class="menu-link a"></div>
<div class="menu-link a"></div>

<div class="menu__link a"></div>
<div class="menu__link a"></div>
