<!-- Astro syntax -->
<div class={b c d}>
	<span class="a"></span>
	<div class={e}></div>
</div>
